
====== Block: chip_top1, Result: PASS

--- [Summary]
+----+-------+-----------+---------------+-------------+------------+
| ID | Check | Clk       | Path          | RouteRule   | 2W2S Ratio |
+----+-------+-----------+---------------+-------------+------------+
| 0  | PASS  | func_clk  | S:clk_in      | rm_2w2s (1) | 100.00%    |
|    |       |           | E:U_DFF_2/CLK |             |            |
+----+-------+-----------+---------------+-------------+------------+
| 1  | PASS  | func_clk2 | S:clk2_in     | default (1) | 0.00%      |
|    | (W)   |           | E:U_DFF_4/CLK |             |            |
+----+-------+-----------+---------------+-------------+------------+

--- [UNIT] : MICRONS
--- [DR]   : {W:0.050,S:0.050}

--- [NDR] rm_2w2s: {
    metal1:{W:0.100,S:0.100},metal2:{W:0.100,S:0.100},metal3:{W:0.100,S:0.100},metal4:{W:0.100,S:0.100},
    metal5:{W:0.100,S:0.100},metal6:{W:0.100,S:0.120},metal7:{W:1.000,S:1.000},AP:{W:4.000,S:4.000},
}}

--- [NDR] SNPS_DefGenNDR_2: {
    metal1:{W:0.110},metal2:{W:0.110},metal3:{W:0.110},metal4:{W:0.140},
    metal5:{W:0.110},metal6:{W:0.090},
}}

--- [PATH-0]
S: clk_in         (startpoint)
N: clk_net        (rm_2w2s)
E: U_DFF_2/CLK    (endpoint)

--- [PATH-1]
S: clk2_in        (startpoint)
N: clk_net2       (default)
E: U_DFF_4/CLK    (endpoint)

