****************************************
Report : timing
        -path_type full_clock_expanded
        -delay_type max
        -input_pins
        -max_paths 1
        -pba_mode exhaustive
        -sort_by slack
Design : design
Version: XXXX
Date   : XXXX
****************************************

  Startpoint: chip_top1/module1_A/data_reg_2_0_
               (rise edge-triggered flip-flop clocked by pclk)
  Endpoint: chip_top3/module3_A/recv_reg (fall edge-triggered flip-flop clocked by pclk)
  Path Group: pclk
  Path Type: max
  
  Point                                                   Incr      Path
  -----------------------------------------------------------------------------
  clock mclk (rise edge)                                0.0000    0.0000
  clock pll480_clk (source latency)                     0.0000    0.0000
  chip_top1/i_ip1/i_mpll/CLK_480 (mpll_top)             0.0000    0.0000 r
  chip_top1/clk_gcell1/I (CKBUF)                        0.0100    0.0100 r
  chip_top1/clk_gcell1/Z (CKBUF)                        0.1000    0.1100 r
  chip_top1/clk_div1/A  (CKMUX)                         0.0200    0.1300 r
  chip_top1/clk_div1/Z (CKMUX)                          0.0500    0.1800 r
  chip_top1/clk_gcell2/I (CKBUF)                        0.0150    0.1950 r
  chip_top1/clk_gcell2/Z (CKBUF)                        0.1200    0.3150 r
  chip_top1/cb_pclk/I (CKBUF)                           0.0250    0.3400 r
  chip_top1/cb_pclk/Z (CKBUF) (gclock source)           0.0750    0.4150 r
  chip_top1/clk_ucell1/I (CKBUF)                        0.0110    0.4260 r
  chip_top1/clk_ucell1/Z (CKBUF)                        0.0800    0.5060 r
  chip_top1/clk_ucell2/I (CKBUF)                        0.0230    0.5290 r
  chip_top1/clk_ucell2/Z (CKBUF)                        0.0710    0.6000 r
  chip_top1/clk_ucell3/I (CKBUF)                        0.0110    0.6110 r
  chip_top1/clk_ucell3/Z (CKBUF)                        0.1200    0.7310 r
  chip_top1/module1_A/data_reg_2_0_/CP (DFF)            0.0100    0.7410 r
  chip_top1/module1_A/data_reg_2_0_/Q0 (DFF)            0.2300    0.9710 r
  chip_top1/module3_A/path_and/A (AND)                  0.0330    1.0040 r
  chip_top1/module3_A/path_and/Z (AND)                  0.1240    1.1280 r
  chip_top1/module3_A/path_or/B (OR)                    0.0270    1.1550 r
  chip_top1/module3_A/path_or/Z (OR)                    0.0790    1.2340 r
  chip_top3/module3_A/recv_reg/D (DFF)                  0.0230    1.2570 r
  data arrival time                                               1.2570
  
  clock mclk (fall edge)                                1.0417    1.0417 r
  clock pll480_clk (source latency)                     0.0000    1.0417 r
  chip_top1/i_ip1/i_mpll/CLK_480 (mpll_top)             0.0000    1.0417 r      
  chip_top1/clk_gcell1/I (CKBUF)                        0.0150    1.0567 r
  chip_top1/clk_gcell1/Z (CKBUF)                        0.1000    1.1567 r
  chip_top1/clk_div1/B  (CKMUX)                         0.0210    1.1777 r
  chip_top1/clk_div1/Z (CKMUX)                          0.0750    1.2527 r
  chip_top1/clk_gcell2/I (CKBUF)                        0.0100    1.2627 r
  chip_top1/clk_gcell2/Z (CKBUF)                        0.0550    1.2627 r
  chip_top1/cb_pclk/I (CKBUF)                           0.0200    1.2827 r
  chip_top1/cb_pclk/Z (CKBUF) (gclock source)           0.0400    1.3227 r
  chip_top1/clk_ucell1/I (CKBUF)                        0.0120    1.3347 r
  chip_top1/clk_ucell1/Z (CKBUF)                        0.0680    1.4027 r
  chip_top1/clk_ucell4/I (CKBUF)                        0.0200    1.4227 r
  chip_top1/clk_ucell4/Z (CKBUF)                        0.0350    1.4577 r
  chip_top3/module3_A/recv_reg/CP (DFF)                 0.0090    1.4667 r
  clock reconvergence pessimism                         0.1450    1.6117
  clock uncertainty                                    -0.1050    1.5067
  library setup time                                   -0.0465    1.4602
  data required time                                              1.4602
  -----------------------------------------------------------------------------
  data required time                                              1.4602
  data arrival time                                              -1.2570
  -----------------------------------------------------------------------------
  slack (MET)                                                     0.2032 

