******************************
******************************
********** Comment ***********
******************************
******************************


 max_delay/setup ('clk1' group)

                    Required        Actual
 Endpoint           Path Delay      Path Delay          Slack
 ------------------------------------------------------------
 clk1_short_name1   6.6036          14.4733             -7.8697  (VIOLATED)
 clk1_long_name1    
                    11.6807         17.4380             -5.7573  (VIOLATED)
 clk1_pass          17.4380         11.6807              5.7573
 clk1_long_name2    
                    11.6807         17.4380             -5.7573  (VIOLATED)
 clk1_long_pass     
                    11.6807         10.4380              1.2427  (VIOLATED)


 max_delay/setup ('clk2' group)

                    Required        Actual
 Endpoint           Path Delay      Path Delay          Slack
 ------------------------------------------------------------
 clk2_short_name1   6.6036          13.4733             -6.8697  (VIOLATED)
 clk2_long_name1    
                    12.6807         18.4380             -5.7573  (VIOLATED)
 clk2_pass          18.4380         11.6807              6.7573
 clk2_long_name2    
                    11.6807         15.4380             -3.7573  (VIOLATED)


