
****************************************
Report : timing
        -path_type full_clock_expanded
        -delay_type max
        -input_pins
        -nets
        -max_paths 1
        -transition_time
        -capacitance
        -show_delta
        -derate
        -pba_mode exhaustive
        -sort_by slack
Design : design
Version: XXXX
Date   : XXXX
****************************************

  Startpoint: chip_top1/chip_core1/data_start_reg_3_0_
               (rising edge-triggered flip-flop clocked by pclk)
  Endpoint: chip_top3/chip_core3/data_end_reg_0_ (rising edge-triggered flip-flop clocked by pclk)
  Last common pin: chip_top1/chip_core1/i_ckgen/clk_buff_1/X
  Path Group: pclk
  Path Type: max
  
  Point                Fanout       Cap    DTrans     Trans    Derate    Delta     Incr      Path
  ------------------------------------------------------------------------------------------------------
  clock pclk (rise edge)                                                         0.0000    0.0000
  clock pll480_clk (source latency)                                              0.6000    0.6000 
  chip_top1/i_ip1/i_mpll/CLK_480 (mpll_top)          0.0200                      0.0000    0.6000 r
  chip_top1/i_ip1/i_mpll/clk_net1 (net)
                          1      0.0010    
  chip_top1/i_ip1/IOIP_buff_1/A (SVG_BUF_S_8)
                                           0.0011    0.0200    1.0001   0.0010   0.0550 &  0.6550 r
  chip_top1/i_ip1/IOIP_buff_1/X (SVG_BUF_S_8)        0.2000    1.0002            0.1100 &  0.7650 r
  chip_top1/i_ip1/clk_net2 (net)
                          2      0.0020    
  chip_top1/i_ip1/pllclk480 (ip1_nt1_0)              0.0000    1.0003            0.0000 &  0.7650 r
  chip_top1/pllclk480 (net)
  chip_top1/chip_core1/pllclk480 (chip_core1_nt1_0)  0.0000    1.0004            0.0000 &  0.7650 r
  chip_top1/chip_core1/pllclk480 (net)
  chip_top1/chip_core1/i_ckgen/pllclk480 (ckgen1_nt1_0)  
                                                     0.0000    1.0005            0.0000 &  0.7650 r
  chip_top1/chip_core1/i_ckgen/pllclk480 (net)  
  chip_top1/chip_core1/i_ckgen/clk_buff_0/A (SVG_BUF_S_8)
                                           0.0022    0.0300    1.0006   0.0020   0.0550 &  0.8200 r
  chip_top1/chip_core1/i_ckgen/clk_buff_0/X (SVG_BUF_S_8)        
                                                     0.3000    1.0007            0.1100 &  0.9300 r
  chip_top1/chip_core1/i_ckgen/clk_buff_0_net (net)
                          3      0.0030    
  chip_top1/chip_core1/i_ckgen/clk_buff_1/A (SVG_BUF_S_8)
                                           0.0033    0.0100    1.0008   0.0030   0.0450 &  0.9750 r
  chip_top1/chip_core1/i_ckgen/clk_buff_1/X (SVG_BUF_S_8) (gclock source)
                                                     0.1000    1.0009            0.2200 &  1.1950 r
  chip_top1/chip_core1/i_ckgen/clk_buff_1_net (net)
                          2      0.0040    
  chip_top1/chip_core1/i_ckgen/pclk_out (ckgen1_nt1_0)              
                                                     0.0000    1.0010            0.0000 &  1.1950 r
  chip_top1/chip_core1/pclk_out (net)
  chip_top1/chip_core1/clk_buff_21/A (SVG_BUF_S_8)
                                           0.0044    0.0200    1.0020   0.0040   0.0550 &  1.2500 r
  chip_top1/chip_core1/clk_buff_21/X (SVG_BUF_S_8)   0.2000    1.0030            0.3300 &  1.5800 r
  chip_top1/chip_core1/clk_buff_21_net (net)
                          3      0.0050    
  chip_top1/chip_core1/clk_buff_31/A (SVG_BUF_S_8)
                                           0.0055    0.0300    1.0040   0.0050   0.0450 &  1.6250 r
  chip_top1/chip_core1/clk_buff_31/X (SVG_BUF_S_8)   0.3000    1.0050            0.4400 &  2.0650 r
  chip_top1/chip_core1/clk_buff_31_net (net)
                          1      0.0060    
  chip_top1/chip_core1/data_start_reg_3_0_/CK (SVM_FSDPSBQ_D_2)
                                           0.0066    0.0400    1.0060   0.0060   0.0350 &  2.1000 r
  chip_top1/chip_core1/data_start_reg_3_0_/Q (SVM_FSDPSBQ_D_2)
                                                     0.4000    1.0070            0.9000 &  3.0000 r
  chip_top1/chip_core1/data_start_reg_3_0_net (net)
                          1      0.0070    
  chip_top1/chip_core1/data_path1/A1 (SVG_ND2_2) <-
                                           0.0077    0.0100    1.0080   0.0070   0.0250 &  3.0250 r
  chip_top1/chip_core1/data_path1/X (SVG_ND2_2)      0.1000    1.0090            0.5500 &  3.5750 r
  chip_top1/chip_core1/data_path1_net (net)
                          2      0.0080    
  chip_top1/chip_core1/dataout (chip_core1_nt1_0)    0.0000    1.0100            0.0000 &  3.5750 r
  chip_top1/dataout_net (net)
  chip_top1/dataout (chip_top1)                      0.0000    1.0200            0.0000 &  3.5750 r
  top1_dataout_net (net)
  chip_top3/datain (chip_top3)                       0.0000    1.0300            0.0000 &  3.5750 r
  chip_top3/datain_net (net)
  chip_top3/chip_core3/datain (chip_core3_nt1_0)     0.0000    1.0400            0.0000 &  3.5750 r
  chip_top3/chip_core3/datain_net (net)
  chip_top3/chip_core3/data_path2/A1 (SVG_ND2_2)
                                           0.0088    0.0200    1.0500   0.0080   0.0650 &  3.6400 r
  chip_top3/chip_core3/data_path2/X (SVG_ND2_2)      0.2000    1.0600            0.6600 &  4.3000 r
  chip_top3/chip_core3/data_path2_net (net)
                          3      0.0090    
  chip_top3/chip_core3/data_end_reg_0_/D (SVF_FSDPRBQ_V2_2)
                                           0.0099    0.0300    1.0700   0.0090   0.0250 &  4.3250 r
  data arrival time                                                                        4.3250
  
  clock pclk (rise edge)                                                         8.0000    8.0000
  clock pll480_clk (source latency)                                              0.0000    8.0000 
  chip_top1/i_ip1/i_mpll/CLK_480 (mpll_top)          0.0100                      0.0000    8.0000 r
  chip_top1/i_ip1/i_mpll/clk_net1 (net)
                          1      0.0020    
  chip_top1/i_ip1/IOIP_buff_1/A (SVG_BUF_S_8)
                                           0.0010    0.0100    1.0001   0.0001   0.0450 &  8.0450 r
  chip_top1/i_ip1/IOIP_buff_1/X (SVG_BUF_S_8)        0.1000    1.0002            0.0900 &  8.1350 r
  chip_top1/i_ip1/clk_net2 (net)
                          2      0.0030    
  chip_top1/i_ip1/pllclk480 (ip1_nt1_0)              0.0000    1.0003            0.0000 &  8.1350 r
  chip_top1/pllclk480 (net)
  chip_top1/chip_core1/pllclk480 (chip_core1_nt1_0)  0.0000    1.0004            0.0000 &  8.1350 r
  chip_top1/chip_core1/pllclk480 (net)
  chip_top1/chip_core1/i_ckgen/pllclk480 (ckgen1_nt1_0)  
                                                     0.0000    1.0005            0.0000 &  8.1350 r
  chip_top1/chip_core1/i_ckgen/pllclk480 (net)  
  chip_top1/chip_core1/i_ckgen/clk_buff_0/A (SVG_BUF_S_8)
                                           0.0020    0.0200    1.0006   0.0002   0.0450 &  8.1800 r
  chip_top1/chip_core1/i_ckgen/clk_buff_0/X (SVG_BUF_S_8)        
                                                     0.2000    1.0007            0.0900 &  8.2700 r
  chip_top1/chip_core1/i_ckgen/clk_buff_0_net (net)
                          3      0.0040    
  chip_top1/chip_core1/i_ckgen/clk_buff_1/A (SVG_BUF_S_8)
                                           0.0030    0.0300    1.0008   0.0003   0.0350 &  8.3050 r
  chip_top1/chip_core1/i_ckgen/clk_buff_1/X (SVG_BUF_S_8) (gclock source)
                                                     0.3000    1.0009            0.1800 &  8.4850 r
  chip_top1/chip_core1/i_ckgen/clk_buff_1_net (net)
                          2      0.0050    
  chip_top1/chip_core1/i_ckgen/pclk_out (ckgen1_nt1_0)              
                                                     0.0000    1.0010            0.0000 &  8.4850 r
  chip_top1/chip_core1/pclk_out (net)
  chip_top1/chip_core1/clk_buff_22/A (SVG_BUF_S_8)
                                           0.0040    0.0100    1.0020   0.0004   0.0350 &  8.5200 r
  chip_top1/chip_core1/clk_buff_22/X (SVG_BUF_S_8)   0.1000    1.0030            0.1350 &  8.6550 r
  chip_top1/chip_core1/clk_buff_22_net (net)
                          3      0.0060    
  chip_top1/chip_core1/clk_buff_32/A (SVG_BUF_S_8)
                                           0.0050    0.0200    1.0040   0.0005   0.0450 &  8.7000 r
  chip_top1/chip_core1/clk_buff_32/X (SVG_BUF_S_8)   0.2000    1.0050            0.1800 &  8.8800 r
  chip_top1/chip_core1/clk_buff_32_net (net)
                          1      0.0070    
  chip_top1/chip_core1/pclk_out (chip_core1_nt1_0)   0.0000    1.0060            0.0000 &  8.8800 r
  chip_top1/pclk_out_net (net)
  chip_top1/pclk_out (chip_top1)                     0.0000    1.0070            0.0000 &  8.8800 r
  top1_pclk_out_net (net)
  chip_top3/pclk_in (chip_top3)                      0.0000    1.0080            0.0000 &  8.8800 r
  chip_top3/pclk_in_net (net)
  chip_top3/clk_buff_0/A (SVG_BUF_S_8)     0.0060    0.0400    1.0090   0.0006   0.0650 &  8.9450 r
  chip_top3/clk_buff_0/X (SVG_BUF_S_8)               0.4000    1.0100            0.2250 &  9.1700 r
  chip_top3/clk_buff_0_net (net)
                          1      0.0080    
  chip_top3/chip_core3/pclk_in (chip_core3_nt1_0)    0.0000    1.0200            0.0000 &  9.1700 r
  chip_top3/chip_core3/pclk_in_net (net)
  chip_top3/chip_core3/clk_buff_1/A (SVG_BUF_S_8)
                                           0.0070    0.0100    1.0300   0.0007   0.0450 &  9.2150 r
  chip_top3/chip_core3/clk_buff_1/X (SVG_BUF_S_8)    0.1000    1.0400            0.2700 &  9.4850 r
  chip_top3/chip_core3/clk_buff_1_net (net)
                          2      0.0090    
  chip_top3/chip_core3/data_end_reg_0_/CK (SVF_FSDPRBQ_V2_2)
                                           0.0080    0.0200    1.0500   0.0008   0.0250 &  9.5100 r
  clock reconvergence pessimism                                                  0.5000   10.0100
  clock uncertainty                                                             -0.1050    9.9050
  library setup time                                           1.0600           -0.0465    9.8585
  data required time                                                                       9.8585
  ------------------------------------------------------------------------------------------------------
  data required time                                                                       9.8585
  data arrival time                                                                       -4.3250
  ------------------------------------------------------------------------------------------------------
  slack (MET)                                                                              5.5335 

1
