
Hierarchical area distribution
------------------------------

Hierarchical cell               Absolute       Percent  Combi-         Noncombi-      Black-
                                Total          Total    national       national       boxes          Design
------------------------------  -------------  -------  -------------  -------------  -------------  ---------------------
engine_top                      76585059.7022    100.0         1.2315        10.4500         0.0000  NNN
proc_1                          54249165.4442     70.8  42124567.2222        30.9998  12124567.2222  NNN
proc_2                          22335811.4534     29.2        10.1201  22334567.2222      1234.1111  NNN
proc_ctrl                             71.1231      0.0        40.1233        30.9998         0.0000  NNN

------------------------------  -------------  -------  -------------  -------------  -------------  ---------------------
Total                                                          x.xxxx         x.xxxx         x.xxxx

