
Hierarchical area distribution
------------------------------

Hierarchical cell               Absolute       Percent  Combi-         Noncombi-      Black-
                                Total          Total    national       national       boxes          Design
------------------------------  -------------  -------  -------------  -------------  -------------  ---------------------
engine_top                          1100.0000   100.00         0.0000         0.0000         0.0000  NNN
proc_1                               600.0000    42.86       200.0000        70.0000        30.0000  NNN
proc_1/test                          300.0000    21.43       200.0000        70.0000        30.0000  NNN
proc_2                               200.0000    14.29       100.0000        50.0000        50.0000  NNN
proc_3                               200.0000    14.29       100.0000        50.0000        50.0000  NNN
proc_ctrl                            100.0000     7.14        50.0000        30.0000        20.0000  NNN
------------------------------  -------------  -------  -------------  -------------  -------------  ---------------------
Total                                                          x.xxxx         x.xxxx         x.xxxx

