
Hierarchical area distribution
------------------------------

Hierarchical cell               Absolute       Percent  Combi-         Noncombi-      Black-
                                Total          Total    national       national       boxes          Design
------------------------------  -------------  -------  -------------  -------------  -------------  ---------------------
engine_top                           570.0000   100.00         0.0000         0.0000         0.0000  NNN
proc_1                               310.0000    54.38       210.0000        70.0000        30.0000  NNN
proc_2                               180.0000    31.58       100.0000        30.0000        50.0000  NNN
proc_ctrl                             80.0000    14.03        50.0000        10.0000        20.0000  NNN
------------------------------  -------------  -------  -------------  -------------  -------------  ---------------------
Total                                                          x.xxxx         x.xxxx         x.xxxx

