===================================================================
|     |     |           |         |       | StartClk | Startpoint |
| Pin | Dir | Freq(Ghz) | Arrival | Slack | EndClk   | Endpoint   |
===================================================================
| a   | I   | 0.12      | 1.0000  | 0.2   | pclk     | start_a    |
|     |     |           |         |       | pclk     | end_a      |
+-----+-----+-----------+---------+-------+----------+------------+
| a   | I   | 0.48      | 1.0000  | 0.2   | aclk     | start_a    |
|     |     |           |         |       | aclk     | end_a      |
===================================================================
| b   | I   | 0.12      | 1.0000  | 0.2   | pclk     | start_b    |
|     |     |           |         |       | pclk     | end_b      |
===================================================================
| c   | I   | 0.48      | 1.0000  | 0.2   | aclk     | start_c    |
|     |     |           |         |       | aclk     | end_c      |
===================================================================
| clk | O   | 0.10      | 1.0000  | CK    | usb_aclk | start_clk  |
|     |     |           |         |       |          | end_clk    |
===================================================================

PinName    Arrival    Slack    Dir:StartClk:EndClk    Startpoint:Endpoint 
=========================================================================
a          1.0000     0.2      I:pclk:pclk            start_a:end_a
a          1.0000     0.2      I:aclk:aclk            start_a:end_a
b          1.0000     0.2      I:pclk:pclk            start_b:end_b

